../Core/Src/main.c:77:9:MAX_Register_Read	32	static
../Core/Src/main.c:99:6:Screw_Forward	4	static
../Core/Src/main.c:100:6:Screw_Backward	4	static
../Core/Src/main.c:101:6:Screw_Pivot_Left	4	static
../Core/Src/main.c:102:6:Screw_Pivot_Right	4	static
../Core/Src/main.c:103:6:Screw_Stop	4	static
../Core/Src/main.c:105:6:Change_Barrell	4	static
../Core/Src/main.c:106:6:Drill_Forward	4	static
../Core/Src/main.c:107:6:Drill_Reverse	4	static
../Core/Src/main.c:108:6:Drill_Stop	4	static
../Core/Src/main.c:110:6:Actuator1_Forward	8	static
../Core/Src/main.c:126:6:Actuator1_Reverse	8	static
../Core/Src/main.c:141:6:Actuator1_Stop	8	static
../Core/Src/main.c:148:6:Actuator2_Forward	8	static
../Core/Src/main.c:163:6:Actuator2__Reverse	8	static
../Core/Src/main.c:178:6:Actuator2_Stop	8	static
../Core/Src/main.c:184:6:Trigger_Actuator_Reverse	8	static
../Core/Src/main.c:199:6:Trigger_Actuator_Forward	8	static
../Core/Src/main.c:214:6:Trigger_Actuator_Stop	8	static
../Core/Src/main.c:219:6:M1_A	8	static
../Core/Src/main.c:224:6:M1_Fwd_Set_Speed	16	static
../Core/Src/main.c:229:6:Sampling_Script	4	static
../Core/Src/main.c:261:5:main	24	static
../Core/Src/main.c:395:6:SystemClock_Config	88	static
../Core/Src/main.c:442:13:MX_SPI1_Init	8	static
../Core/Src/main.c:482:13:MX_TIM1_Init	120	static
../Core/Src/main.c:559:13:MX_TIM2_Init	48	static
../Core/Src/main.c:612:13:MX_UART4_Init	8	static
../Core/Src/main.c:660:13:MX_UART5_Init	8	static
../Core/Src/main.c:708:13:MX_GPIO_Init	48	static
../Core/Src/main.c:786:6:HAL_UART_RxCpltCallback	16	static
../Core/Src/main.c:805:6:Error_Handler	4	static,ignoring_inline_asm
