../Core/Src/main.c:78:9:MAX_Register_Read	1
../Core/Src/main.c:100:6:Screw_Forward	1
../Core/Src/main.c:101:6:Screw_Backward	1
../Core/Src/main.c:102:6:Screw_Pivot_Left	1
../Core/Src/main.c:103:6:Screw_Pivot_Right	1
../Core/Src/main.c:104:6:Screw_Stop	1
../Core/Src/main.c:106:6:Change_Barrell	1
../Core/Src/main.c:107:6:Drill_Forward	1
../Core/Src/main.c:108:6:Drill_Reverse	1
../Core/Src/main.c:109:6:Drill_Stop	1
../Core/Src/main.c:111:6:Actuator1_Forward	2
../Core/Src/main.c:120:6:Actuator1_Reverse	1
../Core/Src/main.c:127:6:Actuator1_Stop	1
../Core/Src/main.c:133:6:Actuator2_Forward	2
../Core/Src/main.c:143:6:Actuator2_Reverse	1
../Core/Src/main.c:150:6:Actuator2_Stop	1
../Core/Src/main.c:155:6:Trigger_Actuator_Reverse	1
../Core/Src/main.c:162:6:Trigger_Actuator_Forward	1
../Core/Src/main.c:169:6:Trigger_Actuator_Stop	1
../Core/Src/main.c:174:6:M1_A	1
../Core/Src/main.c:179:6:M1_Fwd_Set_Speed	1
../Core/Src/main.c:184:6:Sampling_Script	1
../Core/Src/main.c:216:5:main	23
../Core/Src/main.c:347:6:SystemClock_Config	3
../Core/Src/main.c:394:13:MX_SPI1_Init	2
../Core/Src/main.c:434:13:MX_TIM1_Init	6
../Core/Src/main.c:510:13:MX_TIM2_Init	5
../Core/Src/main.c:563:13:MX_UART4_Init	5
../Core/Src/main.c:611:13:MX_UART5_Init	5
../Core/Src/main.c:659:13:MX_USART2_UART_Init	5
../Core/Src/main.c:707:13:MX_GPIO_Init	1
../Core/Src/main.c:788:6:HAL_UART_RxCpltCallback	1
../Core/Src/main.c:807:6:Error_Handler	1
