../Core/Src/main.c:67:6:Actuator1_Forward	2
../Core/Src/main.c:82:6:Actuator1_Reverse	2
../Core/Src/main.c:97:6:Actuator1_Stop	1
../Core/Src/main.c:103:6:Actuator2_Forward	2
../Core/Src/main.c:118:6:Actuator2_Reverse	2
../Core/Src/main.c:133:6:Actuator2_Stop	1
../Core/Src/main.c:149:5:main	2
../Core/Src/main.c:222:6:SystemClock_Config	3
../Core/Src/main.c:269:13:MX_SPI1_Init	2
../Core/Src/main.c:309:13:MX_TIM1_Init	6
../Core/Src/main.c:385:13:MX_TIM2_Init	5
../Core/Src/main.c:438:13:MX_UART4_Init	5
../Core/Src/main.c:486:13:MX_UART5_Init	5
../Core/Src/main.c:534:13:MX_GPIO_Init	1
../Core/Src/main.c:597:6:Error_Handler	1
